// Jest Snapshot v1, https://goo.gl/fbAQLP

exports[`renders DragonsList component correctly 1`] = `"<p class=\\"loading\\">Loading...</p>"`;
