// Jest Snapshot v1, https://goo.gl/fbAQLP

exports[`User Interactions test will test user interaction 1`] = `
<h2
  className="rocketsLoading"
>
  Loading...
</h2>
`;
